Create Kafka topics

ashish@LAPTOP-0CGC34A5:~/sw/kafka_2.12-2.5.0$ ./bin/kafka-topics.sh --create --topic message-to-send --bootstrap-server localhost:9092
Created topic message-to-send.
ashish@LAPTOP-0CGC34A5:~/sw/kafka_2.12-2.5.0$ ./bin/kafka-topics.sh --create --topic message-status --bootstrap-server localhost:9092
Created topic message-status.

-----------

Package the applications

ashish@LAPTOP-0CGC34A5:/mnt/d/work/kafka-2.5-poc/service-one$ mvn package
ashish@LAPTOP-0CGC34A5:/mnt/d/work/kafka-2.5-poc/service-two$ mvn package

-----------

Run the applications

ashish@LAPTOP-0CGC34A5:/mnt/d/work/kafka-2.5-poc/service-one$ java -jar target/*.jar
ashish@LAPTOP-0CGC34A5:/mnt/d/work/kafka-2.5-poc/service-two$ java -jar target/*.jar


-----------

Connect to the database

http://localhost:8090/h2-console

JDBC URL: jdbc:h2:mem:testdb
User Name: sa

Queries

select * from message;
select * from message_status;

After posting the data

select * from message;
ID  	MFROM  	TO  	BODY  
1	9812345678	9912345678	Test message
2	9712345678	9612345678	Test message
(2 rows, 0 ms)

select * from message_status;
MESSAGEID  	STATUS  
1	error
2	success
(2 rows, 1 ms)

-----------

Post messages

localhost:8090/messages

Request body:
[
    {
        "mFrom": "9812345678",
        "to": "9912345678",
        "body": "Test message"
    },
    {
        "mFrom": "9712345678",
        "to": "9612345678",
        "body": "Test message"
    }
]
